------------------------------------------------------------
TimeQuest Timing Analyzer Summary
------------------------------------------------------------

Type  : Slow 1200mV 85C Model Setup 'inst|u6|altpll_component|auto_generated|pll1|clk[0]'
Slack : -0.789
TNS   : -24.040

Type  : Slow 1200mV 85C Model Setup 'CLOCK_50'
Slack : 15.132
TNS   : 0.000

Type  : Slow 1200mV 85C Model Hold 'inst|u6|altpll_component|auto_generated|pll1|clk[0]'
Slack : 0.271
TNS   : 0.000

Type  : Slow 1200mV 85C Model Hold 'CLOCK_50'
Slack : 0.358
TNS   : 0.000

Type  : Slow 1200mV 85C Model Recovery 'inst|u6|altpll_component|auto_generated|pll1|clk[0]'
Slack : -1.446
TNS   : -362.784

Type  : Slow 1200mV 85C Model Recovery 'CLOCK_50'
Slack : 14.430
TNS   : 0.000

Type  : Slow 1200mV 85C Model Removal 'CLOCK_50'
Slack : 1.456
TNS   : 0.000

Type  : Slow 1200mV 85C Model Removal 'inst|u6|altpll_component|auto_generated|pll1|clk[0]'
Slack : 4.099
TNS   : 0.000

Type  : Slow 1200mV 85C Model Minimum Pulse Width 'inst|u6|altpll_component|auto_generated|pll1|clk[0]'
Slack : 3.734
TNS   : 0.000

Type  : Slow 1200mV 85C Model Minimum Pulse Width 'CLOCK_50'
Slack : 9.591
TNS   : 0.000

Type  : Slow 1200mV 0C Model Setup 'inst|u6|altpll_component|auto_generated|pll1|clk[0]'
Slack : -0.218
TNS   : -0.218

Type  : Slow 1200mV 0C Model Setup 'CLOCK_50'
Slack : 15.620
TNS   : 0.000

Type  : Slow 1200mV 0C Model Hold 'inst|u6|altpll_component|auto_generated|pll1|clk[0]'
Slack : 0.264
TNS   : 0.000

Type  : Slow 1200mV 0C Model Hold 'CLOCK_50'
Slack : 0.312
TNS   : 0.000

Type  : Slow 1200mV 0C Model Recovery 'inst|u6|altpll_component|auto_generated|pll1|clk[0]'
Slack : -0.800
TNS   : -170.162

Type  : Slow 1200mV 0C Model Recovery 'CLOCK_50'
Slack : 15.046
TNS   : 0.000

Type  : Slow 1200mV 0C Model Removal 'CLOCK_50'
Slack : 1.298
TNS   : 0.000

Type  : Slow 1200mV 0C Model Removal 'inst|u6|altpll_component|auto_generated|pll1|clk[0]'
Slack : 3.604
TNS   : 0.000

Type  : Slow 1200mV 0C Model Minimum Pulse Width 'inst|u6|altpll_component|auto_generated|pll1|clk[0]'
Slack : 3.739
TNS   : 0.000

Type  : Slow 1200mV 0C Model Minimum Pulse Width 'CLOCK_50'
Slack : 9.584
TNS   : 0.000

Type  : Fast 1200mV 0C Model Setup 'inst|u6|altpll_component|auto_generated|pll1|clk[0]'
Slack : 1.247
TNS   : 0.000

Type  : Fast 1200mV 0C Model Setup 'CLOCK_50'
Slack : 17.245
TNS   : 0.000

Type  : Fast 1200mV 0C Model Hold 'inst|u6|altpll_component|auto_generated|pll1|clk[0]'
Slack : 0.119
TNS   : 0.000

Type  : Fast 1200mV 0C Model Hold 'CLOCK_50'
Slack : 0.187
TNS   : 0.000

Type  : Fast 1200mV 0C Model Recovery 'inst|u6|altpll_component|auto_generated|pll1|clk[0]'
Slack : 0.817
TNS   : 0.000

Type  : Fast 1200mV 0C Model Recovery 'CLOCK_50'
Slack : 16.773
TNS   : 0.000

Type  : Fast 1200mV 0C Model Removal 'CLOCK_50'
Slack : 0.808
TNS   : 0.000

Type  : Fast 1200mV 0C Model Removal 'inst|u6|altpll_component|auto_generated|pll1|clk[0]'
Slack : 2.390
TNS   : 0.000

Type  : Fast 1200mV 0C Model Minimum Pulse Width 'inst|u6|altpll_component|auto_generated|pll1|clk[0]'
Slack : 3.746
TNS   : 0.000

Type  : Fast 1200mV 0C Model Minimum Pulse Width 'CLOCK_50'
Slack : 9.265
TNS   : 0.000

------------------------------------------------------------
