------------------------------------------------------------
TimeQuest Timing Analyzer Summary
------------------------------------------------------------

Type  : Slow 1200mV 85C Model Setup 'inst|u6|altpll_component|auto_generated|pll1|clk[0]'
Slack : -0.423
TNS   : -17.604

Type  : Slow 1200mV 85C Model Setup 'CLOCK_50'
Slack : 15.293
TNS   : 0.000

Type  : Slow 1200mV 85C Model Hold 'inst|u6|altpll_component|auto_generated|pll1|clk[0]'
Slack : 0.326
TNS   : 0.000

Type  : Slow 1200mV 85C Model Hold 'CLOCK_50'
Slack : 0.344
TNS   : 0.000

Type  : Slow 1200mV 85C Model Recovery 'inst|u6|altpll_component|auto_generated|pll1|clk[0]'
Slack : -1.436
TNS   : -345.566

Type  : Slow 1200mV 85C Model Recovery 'CLOCK_50'
Slack : 13.974
TNS   : 0.000

Type  : Slow 1200mV 85C Model Removal 'CLOCK_50'
Slack : 1.604
TNS   : 0.000

Type  : Slow 1200mV 85C Model Removal 'inst|u6|altpll_component|auto_generated|pll1|clk[0]'
Slack : 4.061
TNS   : 0.000

Type  : Slow 1200mV 85C Model Minimum Pulse Width 'inst|u6|altpll_component|auto_generated|pll1|clk[0]'
Slack : 3.732
TNS   : 0.000

Type  : Slow 1200mV 85C Model Minimum Pulse Width 'CLOCK_50'
Slack : 9.483
TNS   : 0.000

Type  : Slow 1200mV 0C Model Setup 'inst|u6|altpll_component|auto_generated|pll1|clk[0]'
Slack : 0.083
TNS   : 0.000

Type  : Slow 1200mV 0C Model Setup 'CLOCK_50'
Slack : 15.780
TNS   : 0.000

Type  : Slow 1200mV 0C Model Hold 'inst|u6|altpll_component|auto_generated|pll1|clk[0]'
Slack : 0.300
TNS   : 0.000

Type  : Slow 1200mV 0C Model Hold 'CLOCK_50'
Slack : 0.312
TNS   : 0.000

Type  : Slow 1200mV 0C Model Recovery 'inst|u6|altpll_component|auto_generated|pll1|clk[0]'
Slack : -0.782
TNS   : -153.021

Type  : Slow 1200mV 0C Model Recovery 'CLOCK_50'
Slack : 14.643
TNS   : 0.000

Type  : Slow 1200mV 0C Model Removal 'CLOCK_50'
Slack : 1.454
TNS   : 0.000

Type  : Slow 1200mV 0C Model Removal 'inst|u6|altpll_component|auto_generated|pll1|clk[0]'
Slack : 3.569
TNS   : 0.000

Type  : Slow 1200mV 0C Model Minimum Pulse Width 'inst|u6|altpll_component|auto_generated|pll1|clk[0]'
Slack : 3.740
TNS   : 0.000

Type  : Slow 1200mV 0C Model Minimum Pulse Width 'CLOCK_50'
Slack : 9.479
TNS   : 0.000

Type  : Fast 1200mV 0C Model Setup 'inst|u6|altpll_component|auto_generated|pll1|clk[0]'
Slack : 1.467
TNS   : 0.000

Type  : Fast 1200mV 0C Model Setup 'CLOCK_50'
Slack : 17.336
TNS   : 0.000

Type  : Fast 1200mV 0C Model Hold 'inst|u6|altpll_component|auto_generated|pll1|clk[0]'
Slack : 0.163
TNS   : 0.000

Type  : Fast 1200mV 0C Model Hold 'CLOCK_50'
Slack : 0.173
TNS   : 0.000

Type  : Fast 1200mV 0C Model Recovery 'inst|u6|altpll_component|auto_generated|pll1|clk[0]'
Slack : 0.822
TNS   : 0.000

Type  : Fast 1200mV 0C Model Recovery 'CLOCK_50'
Slack : 16.470
TNS   : 0.000

Type  : Fast 1200mV 0C Model Removal 'CLOCK_50'
Slack : 0.874
TNS   : 0.000

Type  : Fast 1200mV 0C Model Removal 'inst|u6|altpll_component|auto_generated|pll1|clk[0]'
Slack : 2.373
TNS   : 0.000

Type  : Fast 1200mV 0C Model Minimum Pulse Width 'inst|u6|altpll_component|auto_generated|pll1|clk[0]'
Slack : 3.746
TNS   : 0.000

Type  : Fast 1200mV 0C Model Minimum Pulse Width 'CLOCK_50'
Slack : 9.200
TNS   : 0.000

------------------------------------------------------------
