------------------------------------------------------------
TimeQuest Timing Analyzer Summary
------------------------------------------------------------

Type  : Slow 1200mV 85C Model Setup 'inst|u6|altpll_component|auto_generated|pll1|clk[0]'
Slack : -0.826
TNS   : -27.420

Type  : Slow 1200mV 85C Model Setup 'CLOCK_50'
Slack : 15.473
TNS   : 0.000

Type  : Slow 1200mV 85C Model Hold 'CLOCK_50'
Slack : 0.304
TNS   : 0.000

Type  : Slow 1200mV 85C Model Hold 'inst|u6|altpll_component|auto_generated|pll1|clk[0]'
Slack : 0.345
TNS   : 0.000

Type  : Slow 1200mV 85C Model Recovery 'inst|u6|altpll_component|auto_generated|pll1|clk[0]'
Slack : -1.294
TNS   : -302.718

Type  : Slow 1200mV 85C Model Recovery 'CLOCK_50'
Slack : 14.518
TNS   : 0.000

Type  : Slow 1200mV 85C Model Removal 'CLOCK_50'
Slack : 1.763
TNS   : 0.000

Type  : Slow 1200mV 85C Model Removal 'inst|u6|altpll_component|auto_generated|pll1|clk[0]'
Slack : 3.941
TNS   : 0.000

Type  : Slow 1200mV 85C Model Minimum Pulse Width 'inst|u6|altpll_component|auto_generated|pll1|clk[0]'
Slack : 3.734
TNS   : 0.000

Type  : Slow 1200mV 85C Model Minimum Pulse Width 'CLOCK_50'
Slack : 9.486
TNS   : 0.000

Type  : Slow 1200mV 0C Model Setup 'inst|u6|altpll_component|auto_generated|pll1|clk[0]'
Slack : -0.271
TNS   : -1.367

Type  : Slow 1200mV 0C Model Setup 'CLOCK_50'
Slack : 15.911
TNS   : 0.000

Type  : Slow 1200mV 0C Model Hold 'CLOCK_50'
Slack : 0.298
TNS   : 0.000

Type  : Slow 1200mV 0C Model Hold 'inst|u6|altpll_component|auto_generated|pll1|clk[0]'
Slack : 0.299
TNS   : 0.000

Type  : Slow 1200mV 0C Model Recovery 'inst|u6|altpll_component|auto_generated|pll1|clk[0]'
Slack : -0.645
TNS   : -113.703

Type  : Slow 1200mV 0C Model Recovery 'CLOCK_50'
Slack : 15.114
TNS   : 0.000

Type  : Slow 1200mV 0C Model Removal 'CLOCK_50'
Slack : 1.603
TNS   : 0.000

Type  : Slow 1200mV 0C Model Removal 'inst|u6|altpll_component|auto_generated|pll1|clk[0]'
Slack : 3.446
TNS   : 0.000

Type  : Slow 1200mV 0C Model Minimum Pulse Width 'inst|u6|altpll_component|auto_generated|pll1|clk[0]'
Slack : 3.739
TNS   : 0.000

Type  : Slow 1200mV 0C Model Minimum Pulse Width 'CLOCK_50'
Slack : 9.481
TNS   : 0.000

Type  : Fast 1200mV 0C Model Setup 'inst|u6|altpll_component|auto_generated|pll1|clk[0]'
Slack : 1.223
TNS   : 0.000

Type  : Fast 1200mV 0C Model Setup 'CLOCK_50'
Slack : 17.409
TNS   : 0.000

Type  : Fast 1200mV 0C Model Hold 'CLOCK_50'
Slack : 0.153
TNS   : 0.000

Type  : Fast 1200mV 0C Model Hold 'inst|u6|altpll_component|auto_generated|pll1|clk[0]'
Slack : 0.174
TNS   : 0.000

Type  : Fast 1200mV 0C Model Recovery 'inst|u6|altpll_component|auto_generated|pll1|clk[0]'
Slack : 0.908
TNS   : 0.000

Type  : Fast 1200mV 0C Model Recovery 'CLOCK_50'
Slack : 16.812
TNS   : 0.000

Type  : Fast 1200mV 0C Model Removal 'CLOCK_50'
Slack : 0.983
TNS   : 0.000

Type  : Fast 1200mV 0C Model Removal 'inst|u6|altpll_component|auto_generated|pll1|clk[0]'
Slack : 2.309
TNS   : 0.000

Type  : Fast 1200mV 0C Model Minimum Pulse Width 'inst|u6|altpll_component|auto_generated|pll1|clk[0]'
Slack : 3.746
TNS   : 0.000

Type  : Fast 1200mV 0C Model Minimum Pulse Width 'CLOCK_50'
Slack : 9.203
TNS   : 0.000

------------------------------------------------------------
