------------------------------------------------------------
TimeQuest Timing Analyzer Summary
------------------------------------------------------------

Type  : Slow 1200mV 85C Model Setup 'inst|u6|altpll_component|auto_generated|pll1|clk[0]'
Slack : -0.793
TNS   : -37.996

Type  : Slow 1200mV 85C Model Setup 'CLOCK_50'
Slack : 15.389
TNS   : 0.000

Type  : Slow 1200mV 85C Model Hold 'inst|u6|altpll_component|auto_generated|pll1|clk[0]'
Slack : 0.225
TNS   : 0.000

Type  : Slow 1200mV 85C Model Hold 'CLOCK_50'
Slack : 0.320
TNS   : 0.000

Type  : Slow 1200mV 85C Model Recovery 'inst|u6|altpll_component|auto_generated|pll1|clk[0]'
Slack : -1.311
TNS   : -292.310

Type  : Slow 1200mV 85C Model Recovery 'CLOCK_50'
Slack : 13.968
TNS   : 0.000

Type  : Slow 1200mV 85C Model Removal 'CLOCK_50'
Slack : 2.069
TNS   : 0.000

Type  : Slow 1200mV 85C Model Removal 'inst|u6|altpll_component|auto_generated|pll1|clk[0]'
Slack : 3.905
TNS   : 0.000

Type  : Slow 1200mV 85C Model Minimum Pulse Width 'inst|u6|altpll_component|auto_generated|pll1|clk[0]'
Slack : 3.733
TNS   : 0.000

Type  : Slow 1200mV 85C Model Minimum Pulse Width 'CLOCK_50'
Slack : 9.485
TNS   : 0.000

Type  : Slow 1200mV 0C Model Setup 'inst|u6|altpll_component|auto_generated|pll1|clk[0]'
Slack : -0.251
TNS   : -2.330

Type  : Slow 1200mV 0C Model Setup 'CLOCK_50'
Slack : 15.852
TNS   : 0.000

Type  : Slow 1200mV 0C Model Hold 'inst|u6|altpll_component|auto_generated|pll1|clk[0]'
Slack : 0.196
TNS   : 0.000

Type  : Slow 1200mV 0C Model Hold 'CLOCK_50'
Slack : 0.312
TNS   : 0.000

Type  : Slow 1200mV 0C Model Recovery 'inst|u6|altpll_component|auto_generated|pll1|clk[0]'
Slack : -0.655
TNS   : -103.972

Type  : Slow 1200mV 0C Model Recovery 'CLOCK_50'
Slack : 14.606
TNS   : 0.000

Type  : Slow 1200mV 0C Model Removal 'CLOCK_50'
Slack : 1.879
TNS   : 0.000

Type  : Slow 1200mV 0C Model Removal 'inst|u6|altpll_component|auto_generated|pll1|clk[0]'
Slack : 3.415
TNS   : 0.000

Type  : Slow 1200mV 0C Model Minimum Pulse Width 'inst|u6|altpll_component|auto_generated|pll1|clk[0]'
Slack : 3.738
TNS   : 0.000

Type  : Slow 1200mV 0C Model Minimum Pulse Width 'CLOCK_50'
Slack : 9.482
TNS   : 0.000

Type  : Fast 1200mV 0C Model Setup 'inst|u6|altpll_component|auto_generated|pll1|clk[0]'
Slack : 1.251
TNS   : 0.000

Type  : Fast 1200mV 0C Model Setup 'CLOCK_50'
Slack : 17.392
TNS   : 0.000

Type  : Fast 1200mV 0C Model Hold 'inst|u6|altpll_component|auto_generated|pll1|clk[0]'
Slack : 0.119
TNS   : 0.000

Type  : Fast 1200mV 0C Model Hold 'CLOCK_50'
Slack : 0.154
TNS   : 0.000

Type  : Fast 1200mV 0C Model Recovery 'inst|u6|altpll_component|auto_generated|pll1|clk[0]'
Slack : 0.900
TNS   : 0.000

Type  : Fast 1200mV 0C Model Recovery 'CLOCK_50'
Slack : 16.440
TNS   : 0.000

Type  : Fast 1200mV 0C Model Removal 'CLOCK_50'
Slack : 1.150
TNS   : 0.000

Type  : Fast 1200mV 0C Model Removal 'inst|u6|altpll_component|auto_generated|pll1|clk[0]'
Slack : 2.291
TNS   : 0.000

Type  : Fast 1200mV 0C Model Minimum Pulse Width 'inst|u6|altpll_component|auto_generated|pll1|clk[0]'
Slack : 3.746
TNS   : 0.000

Type  : Fast 1200mV 0C Model Minimum Pulse Width 'CLOCK_50'
Slack : 9.202
TNS   : 0.000

------------------------------------------------------------
